00:02.474  blend            | Read blend: "/home/administrator/jeu/assets/art-v2/source/neighborhood.blend"
EGL Error (0x3009): EGL_BAD_MATCH: Arguments are inconsistent (for example, a valid context requires buffers not supplied by a valid surface).
EGL Error (0x3009): EGL_BAD_MATCH: Arguments are inconsistent (for example, a valid context requires buffers not supplied by a valid surface).
EGL Error (0x3009): EGL_BAD_MATCH: Arguments are inconsistent (for example, a valid context requires buffers not supplied by a valid surface).
00:25.847  render           | Saved: '/home/administrator/jeu/assets/art-v2/layers/north_w-night-raw.png'
REPORT {"stage": "export NORTH_W night", "seconds": 22.583, "maxRSSKiB": 1187016, "objects": 371, "faces": 83535, "triangles": 103632, "textures": 0, "file": "assets/art-v2/layers/north_w-night-raw.png", "width": 412, "height": 350, "bytes": 105254}
01:10.188  render           | Saved: '/home/administrator/jeu/assets/art-v2/layers/north_e-day-raw.png'
REPORT {"stage": "export NORTH_E day", "seconds": 44.068, "maxRSSKiB": 1402036, "objects": 371, "faces": 83535, "triangles": 103632, "textures": 0, "file": "assets/art-v2/layers/north_e-day-raw.png", "width": 400, "height": 322, "bytes": 88315}
01:50.653  render           | Saved: '/home/administrator/jeu/assets/art-v2/layers/north_e-dusk-raw.png'
REPORT {"stage": "export NORTH_E dusk", "seconds": 40.325, "maxRSSKiB": 1597844, "objects": 371, "faces": 83535, "triangles": 103632, "textures": 0, "file": "assets/art-v2/layers/north_e-dusk-raw.png", "width": 400, "height": 322, "bytes": 84708}
02:34.010  render           | Saved: '/home/administrator/jeu/assets/art-v2/layers/north_e-night-raw.png'
REPORT {"stage": "export NORTH_E night", "seconds": 43.204, "maxRSSKiB": 1599216, "objects": 371, "faces": 83535, "triangles": 103632, "textures": 0, "file": "assets/art-v2/layers/north_e-night-raw.png", "width": 400, "height": 322, "bytes": 86200}
03:21.411  render           | Saved: '/home/administrator/jeu/assets/art-v2/layers/central-day-raw.png'
REPORT {"stage": "export CENTRAL day", "seconds": 47.216, "maxRSSKiB": 1607604, "objects": 371, "faces": 83535, "triangles": 103632, "textures": 0, "file": "assets/art-v2/layers/central-day-raw.png", "width": 542, "height": 426, "bytes": 146201}
04:06.368  render           | Saved: '/home/administrator/jeu/assets/art-v2/layers/central-dusk-raw.png'
REPORT {"stage": "export CENTRAL dusk", "seconds": 44.754, "maxRSSKiB": 1611900, "objects": 371, "faces": 83535, "triangles": 103632, "textures": 0, "file": "assets/art-v2/layers/central-dusk-raw.png", "width": 542, "height": 426, "bytes": 143296}
04:50.346  render           | Saved: '/home/administrator/jeu/assets/art-v2/layers/central-night-raw.png'
REPORT {"stage": "export CENTRAL night", "seconds": 43.736, "maxRSSKiB": 1611900, "objects": 371, "faces": 83535, "triangles": 103632, "textures": 0, "file": "assets/art-v2/layers/central-night-raw.png", "width": 542, "height": 426, "bytes": 147905}
05:32.833  render           | Saved: '/home/administrator/jeu/assets/art-v2/layers/east_rear-day-raw.png'
REPORT {"stage": "export EAST_REAR day", "seconds": 42.189, "maxRSSKiB": 1611900, "objects": 371, "faces": 83535, "triangles": 103632, "textures": 0, "file": "assets/art-v2/layers/east_rear-day-raw.png", "width": 352, "height": 315, "bytes": 86324}
06:13.424  render           | Saved: '/home/administrator/jeu/assets/art-v2/layers/east_rear-dusk-raw.png'
REPORT {"stage": "export EAST_REAR dusk", "seconds": 40.305, "maxRSSKiB": 1611900, "objects": 371, "faces": 83535, "triangles": 103632, "textures": 0, "file": "assets/art-v2/layers/east_rear-dusk-raw.png", "width": 352, "height": 315, "bytes": 82345}
06:55.943  render           | Saved: '/home/administrator/jeu/assets/art-v2/layers/east_rear-night-raw.png'
REPORT {"stage": "export EAST_REAR night", "seconds": 42.328, "maxRSSKiB": 1611900, "objects": 371, "faces": 83535, "triangles": 103632, "textures": 0, "file": "assets/art-v2/layers/east_rear-night-raw.png", "width": 352, "height": 315, "bytes": 83544}
07:36.323  render           | Saved: '/home/administrator/jeu/assets/art-v2/layers/south_w-day-raw.png'
REPORT {"stage": "export SOUTH_W day", "seconds": 40.159, "maxRSSKiB": 1613172, "objects": 371, "faces": 83535, "triangles": 103632, "textures": 0, "file": "assets/art-v2/layers/south_w-day-raw.png", "width": 424, "height": 356, "bytes": 104230}
08:18.497  render           | Saved: '/home/administrator/jeu/assets/art-v2/layers/south_w-dusk-raw.png'
REPORT {"stage": "export SOUTH_W dusk", "seconds": 42.053, "maxRSSKiB": 1615864, "objects": 371, "faces": 83535, "triangles": 103632, "textures": 0, "file": "assets/art-v2/layers/south_w-dusk-raw.png", "width": 424, "height": 356, "bytes": 101225}
09:03.071  render           | Saved: '/home/administrator/jeu/assets/art-v2/layers/south_w-night-raw.png'
REPORT {"stage": "export SOUTH_W night", "seconds": 44.383, "maxRSSKiB": 1615864, "objects": 371, "faces": 83535, "triangles": 103632, "textures": 0, "file": "assets/art-v2/layers/south_w-night-raw.png", "width": 424, "height": 356, "bytes": 103025}
09:45.219  render           | Saved: '/home/administrator/jeu/assets/art-v2/layers/south_e-day-raw.png'
REPORT {"stage": "export SOUTH_E day", "seconds": 41.771, "maxRSSKiB": 1615864, "objects": 371, "faces": 83535, "triangles": 103632, "textures": 0, "file": "assets/art-v2/layers/south_e-day-raw.png", "width": 376, "height": 308, "bytes": 81616}
