PASS 2.6B.1 Chromium 390x844 asset []
PASS 2.6B.1 Chromium 390x844 missing-image [
  'Chargement impossible : quarter-ground-day',
  'Chargement impossible : quarter-ground-dusk',
  'Chargement impossible : quarter-ground-night',
  'Chargement impossible : quarter-NORTH_W-day',
  'Chargement impossible : quarter-NORTH_W-dusk',
  'Chargement impossible : quarter-NORTH_W-night',
  'Chargement impossible : quarter-NORTH_E-day',
  'Chargement impossible : quarter-NORTH_E-dusk',
  'Chargement impossible : quarter-NORTH_E-night',
  'Chargement impossible : quarter-CENTRAL-day',
  'Chargement impossible : quarter-CENTRAL-dusk',
  'Chargement impossible : quarter-CENTRAL-night',
  'Chargement impossible : quarter-EAST_REAR-day',
  'Chargement impossible : quarter-EAST_REAR-dusk',
  'Chargement impossible : quarter-EAST_REAR-night',
  'Chargement impossible : quarter-SOUTH_W-day',
  'Chargement impossible : quarter-SOUTH_W-dusk',
  'Chargement impossible : quarter-SOUTH_W-night',
  'Chargement impossible : quarter-SOUTH_E-day',
  'Chargement impossible : quarter-SOUTH_E-dusk',
  'Chargement impossible : quarter-SOUTH_E-night',
  'Chargement impossible : quarter-FRONT_E-day',
  'Chargement impossible : quarter-FRONT_E-dusk',
  'Chargement impossible : quarter-FRONT_E-night',
  'Chargement impossible : quarter-WALL_MID_W-day',
  'Chargement impossible : quarter-WALL_MID_W-dusk',
  'Chargement impossible : quarter-WALL_MID_W-night',
  'Chargement impossible : quarter-WALL_MID_C-day',
  'Chargement impossible : quarter-WALL_MID_C-dusk',
  'Chargement impossible : quarter-WALL_MID_C-night',
  'Chargement impossible : quarter-WALL_MID_E-day',
  'Chargement impossible : quarter-WALL_MID_E-dusk',
  'Chargement impossible : quarter-WALL_MID_E-night',
  'Chargement impossible : quarter-WALL_FRONT_W-day',
  'Chargement impossible : quarter-WALL_FRONT_W-dusk',
  'Chargement impossible : quarter-WALL_FRONT_W-night',
  'Chargement impossible : quarter-WALL_FRONT_E-day',
  'Chargement impossible : quarter-WALL_FRONT_E-dusk',
  'Chargement impossible : quarter-WALL_FRONT_E-night',
  'Chargement impossible : quarter-CAR_0-day',
  'Chargement impossible : quarter-CAR_0-dusk',
  'Chargement impossible : quarter-CAR_0-night',
  'Chargement impossible : quarter-CAR_5-day',
  'Chargement impossible : quarter-CAR_5-dusk',
  'Chargement impossible : quarter-CAR_5-night',
  'Chargement impossible : quarter-TREE_20-day',
  'Chargement impossible : quarter-TREE_20-dusk',
  'Chargement impossible : quarter-TREE_20-night',
  'Chargement impossible : quarter-TREE_21-day',
  'Chargement impossible : quarter-TREE_21-dusk',
  'Chargement impossible : quarter-TREE_21-night',
  'Chargement impossible : quarter-TREE_27-day',
  'Chargement impossible : quarter-TREE_27-dusk',
  'Chargement impossible : quarter-TREE_27-night',
  'Chargement impossible : quarter-LAMP_0-day',
  'Chargement impossible : quarter-LAMP_0-night',
  'Chargement impossible : quarter-BENCH_0-day',
  'Chargement impossible : quarter-LAMP_0-dusk',
  'Chargement impossible : quarter-BENCH_0-dusk',
  'Chargement impossible : quarter-BENCH_0-night',
  'Chargement impossible : quarter-BIN_0-day',
  'Chargement impossible : quarter-BIN_0-dusk',
  'Chargement impossible : quarter-BIN_0-night',
  'Chargement impossible : housing-block-long-v1',
  'Repli procédural : ground',
  'Repli procédural : facade',
  'Repli procédural : wall',
  'Repli procédural : parkedVehicle',
  'Repli procédural : tree',
  'Repli procédural : light',
  'Repli procédural : furniture',
  'Asset absent ou incompatible : housing-block-long-v1'
]
PASS 2.6B.1 Chromium 390x844 missing-manifest [
  'Chargement impossible : neighborhood-manifest',
  'Chargement impossible : art-manifest',
  'Repli procédural : ground',
  'Repli procédural : facade',
  'Repli procédural : wall',
  'Repli procédural : parkedVehicle',
  'Repli procédural : tree',
  'Repli procédural : light',
  'Repli procédural : furniture'
]
