00:01.673  blend            | Read blend: "/home/administrator/jeu/assets/art-v2/source/neighborhood.blend"
EGL Error (0x3009): EGL_BAD_MATCH: Arguments are inconsistent (for example, a valid context requires buffers not supplied by a valid surface).
EGL Error (0x3009): EGL_BAD_MATCH: Arguments are inconsistent (for example, a valid context requires buffers not supplied by a valid surface).
EGL Error (0x3009): EGL_BAD_MATCH: Arguments are inconsistent (for example, a valid context requires buffers not supplied by a valid surface).
02:34.594  render           | Saved: '/home/administrator/jeu/assets/art-v2/previews/full-day-raw.png'
REPORT {"stage": "preview day", "seconds": 152.846, "maxRSSKiB": 1695988, "objects": 371, "faces": 83535, "triangles": 103632, "textures": 0, "file": "assets/art-v2/previews/full-day-raw.png", "width": 2400, "height": 1434, "bytes": 2818806}
Blender 5.0.1

Blender quit
00:01.716  blend            | Read blend: "/home/administrator/jeu/assets/art-v2/source/neighborhood.blend"
EGL Error (0x3009): EGL_BAD_MATCH: Arguments are inconsistent (for example, a valid context requires buffers not supplied by a valid surface).
EGL Error (0x3009): EGL_BAD_MATCH: Arguments are inconsistent (for example, a valid context requires buffers not supplied by a valid surface).
EGL Error (0x3009): EGL_BAD_MATCH: Arguments are inconsistent (for example, a valid context requires buffers not supplied by a valid surface).
02:25.038  render           | Saved: '/home/administrator/jeu/assets/art-v2/previews/full-dusk-raw.png'
REPORT {"stage": "preview dusk", "seconds": 143.295, "maxRSSKiB": 1718576, "objects": 371, "faces": 83535, "triangles": 103632, "textures": 0, "file": "assets/art-v2/previews/full-dusk-raw.png", "width": 2400, "height": 1434, "bytes": 2859507}
Blender 5.0.1

Blender quit
00:02.364  blend            | Read blend: "/home/administrator/jeu/assets/art-v2/source/neighborhood.blend"
EGL Error (0x3009): EGL_BAD_MATCH: Arguments are inconsistent (for example, a valid context requires buffers not supplied by a valid surface).
EGL Error (0x3009): EGL_BAD_MATCH: Arguments are inconsistent (for example, a valid context requires buffers not supplied by a valid surface).
EGL Error (0x3009): EGL_BAD_MATCH: Arguments are inconsistent (for example, a valid context requires buffers not supplied by a valid surface).
02:16.210  render           | Saved: '/home/administrator/jeu/assets/art-v2/previews/full-night-raw.png'
REPORT {"stage": "preview night", "seconds": 133.681, "maxRSSKiB": 1687184, "objects": 371, "faces": 83535, "triangles": 103632, "textures": 0, "file": "assets/art-v2/previews/full-night-raw.png", "width": 2400, "height": 1434, "bytes": 2617417}
Blender 5.0.1

Blender quit
