00:02.597  blend            | Read blend: "/home/administrator/jeu/assets/characters/v2/people.blend"
CHECKPOINT player
libEGL warning: failed to get driver name for fd -1

libEGL warning: MESA-LOADER: failed to retrieve device information

libEGL warning: failed to get driver name for fd -1

MESA: error: ZINK: failed to choose pdev
libEGL warning: egl: failed to create dri2 screen
EGL Error (0x3009): EGL_BAD_MATCH: Arguments are inconsistent (for example, a valid context requires buffers not supplied by a valid surface).
EGL Error (0x3009): EGL_BAD_MATCH: Arguments are inconsistent (for example, a valid context requires buffers not supplied by a valid surface).
EGL Error (0x3009): EGL_BAD_MATCH: Arguments are inconsistent (for example, a valid context requires buffers not supplied by a valid surface).
01:10.330  render           | Saved: '/home/administrator/jeu/assets/characters/v2/customer0-pending.png'
EXPORTED customer0
02:14.140  render           | Saved: '/home/administrator/jeu/assets/characters/v2/customer1-pending.png'
EXPORTED customer1
03:10.687  render           | Saved: '/home/administrator/jeu/assets/characters/v2/customer2-pending.png'
EXPORTED customer2
04:03.549  render           | Saved: '/home/administrator/jeu/assets/characters/v2/customer3-pending.png'
EXPORTED customer3
04:59.022  render           | Saved: '/home/administrator/jeu/assets/characters/v2/vendeur-pending.png'
EXPORTED vendeur
05:52.379  render           | Saved: '/home/administrator/jeu/assets/characters/v2/guetteur-pending.png'
EXPORTED guetteur
07:00.309  render           | Saved: '/home/administrator/jeu/assets/characters/v2/gerant-pending.png'
EXPORTED gerant
07:57.943  render           | Saved: '/home/administrator/jeu/assets/characters/v2/ravitailleur-pending.png'
EXPORTED ravitailleur
08:53.380  render           | Saved: '/home/administrator/jeu/assets/characters/v2/police-pending.png'
EXPORTED police
Blender 5.0.1

Blender quit
