browserType.launch: Target page, context or browser has been closed
Browser logs:

<launching> /tmp/jeu-validation/browsers/chromium_headless_shell-1243/chrome-headless-shell-linux64/chrome-headless-shell --disable-field-trial-config --disable-background-networking --disable-background-timer-throttling --disable-backgrounding-occluded-windows --disable-back-forward-cache --disable-breakpad --disable-client-side-phishing-detection --disable-component-extensions-with-background-pages --disable-component-update --no-default-browser-check --disable-default-apps --disable-dev-shm-usage --disable-edgeupdater --disable-extensions --disable-features=AvoidUnnecessaryBeforeUnloadCheckSync,DestroyProfileOnBrowserClose,DialMediaRouteProvider,GlobalMediaControls,HttpsUpgrades,LensOverlay,MediaRouter,PaintHolding,ThirdPartyStoragePartitioning,BlockOriginHeaderModificationOnRedirect,Translate,AutoDeElevate,OptimizationHints,msForceBrowserSignIn,msEdgeUpdateLaunchServicesPreferredVersion --enable-features=CDPScreenshotNewSurface --allow-pre-commit-input --disable-hang-monitor --disable-ipc-flooding-protection --disable-popup-blocking --disable-prompt-on-repost --disable-renderer-backgrounding --disable-updater-scheduler --force-color-profile=srgb --metrics-recording-only --no-first-run --password-store=basic --use-mock-keychain --no-service-autorun --export-tagged-pdf --disable-search-engine-choice-screen --unsafely-disable-devtools-self-xss-warnings --edge-skip-compat-layer-relaunch --disable-infobars --disable-search-engine-choice-screen --disable-sync --enable-unsafe-swiftshader --headless --hide-scrollbars --mute-audio --blink-settings=primaryHoverType=2,availableHoverTypes=2,primaryPointerType=4,availablePointerTypes=4 --no-sandbox --no-sandbox --user-data-dir=/tmp/playwright_chromiumdev_profile-sJw33h --remote-debugging-pipe --no-startup-window
<launched> pid=14
[pid=14][err] [0914/173053.482789:FATAL:content/browser/sandbox_host_linux.cc:41] Check failed: . shutdown: Operation not permitted (1)
Call log:
[2m  - <launching> /tmp/jeu-validation/browsers/chromium_headless_shell-1243/chrome-headless-shell-linux64/chrome-headless-shell --disable-field-trial-config --disable-background-networking --disable-background-timer-throttling --disable-backgrounding-occluded-windows --disable-back-forward-cache --disable-breakpad --disable-client-side-phishing-detection --disable-component-extensions-with-background-pages --disable-component-update --no-default-browser-check --disable-default-apps --disable-dev-shm-usage --disable-edgeupdater --disable-extensions --disable-features=AvoidUnnecessaryBeforeUnloadCheckSync,DestroyProfileOnBrowserClose,DialMediaRouteProvider,GlobalMediaControls,HttpsUpgrades,LensOverlay,MediaRouter,PaintHolding,ThirdPartyStoragePartitioning,BlockOriginHeaderModificationOnRedirect,Translate,AutoDeElevate,OptimizationHints,msForceBrowserSignIn,msEdgeUpdateLaunchServicesPreferredVersion --enable-features=CDPScreenshotNewSurface --allow-pre-commit-input --disable-hang-monitor --disable-ipc-flooding-protection --disable-popup-blocking --disable-prompt-on-repost --disable-renderer-backgrounding --disable-updater-scheduler --force-color-profile=srgb --metrics-recording-only --no-first-run --password-store=basic --use-mock-keychain --no-service-autorun --export-tagged-pdf --disable-search-engine-choice-screen --unsafely-disable-devtools-self-xss-warnings --edge-skip-compat-layer-relaunch --disable-infobars --disable-search-engine-choice-screen --disable-sync --enable-unsafe-swiftshader --headless --hide-scrollbars --mute-audio --blink-settings=primaryHoverType=2,availableHoverTypes=2,primaryPointerType=4,availablePointerTypes=4 --no-sandbox --no-sandbox --user-data-dir=/tmp/playwright_chromiumdev_profile-sJw33h --remote-debugging-pipe --no-startup-window[22m
[2m  - <launched> pid=14[22m
[2m  - [pid=14][err] [0914/173053.482789:FATAL:content/browser/sandbox_host_linux.cc:41] Check failed: . shutdown: Operation not permitted (1)[22m
[2m  - [pid=14] <gracefully close start>[22m
[2m  - [pid=14] <kill>[22m
[2m  - [pid=14] <will force kill>[22m
[2m  - [pid=14] exception while trying to kill process: Error: kill ESRCH[22m
[2m  - [pid=14] <process did exit: exitCode=null, signal=SIGTRAP>[22m
[2m  - [pid=14] starting temporary directories cleanup[22m
[2m  - [pid=14] finished temporary directories cleanup[22m
[2m  - [pid=14] <gracefully close end>[22m

    at /home/administrator/jeu/tests/lot-2.6c2-mobile.cjs:6:31
    at Object.<anonymous> (/home/administrator/jeu/tests/lot-2.6c2-mobile.cjs:33:3) {
  log: [
    '  - <launching> /tmp/jeu-validation/browsers/chromium_headless_shell-1243/chrome-headless-shell-linux64/chrome-headless-shell --disable-field-trial-config --disable-background-networking --disable-background-timer-throttling --disable-backgrounding-occluded-windows --disable-back-forward-cache --disable-breakpad --disable-client-side-phishing-detection --disable-component-extensions-with-background-pages --disable-component-update --no-default-browser-check --disable-default-apps --disable-dev-shm-usage --disable-edgeupdater --disable-extensions --disable-features=AvoidUnnecessaryBeforeUnloadCheckSync,DestroyProfileOnBrowserClose,DialMediaRouteProvider,GlobalMediaControls,HttpsUpgrades,LensOverlay,MediaRouter,PaintHolding,ThirdPartyStoragePartitioning,BlockOriginHeaderModificationOnRedirect,Translate,AutoDeElevate,OptimizationHints,msForceBrowserSignIn,msEdgeUpdateLaunchServicesPreferredVersion --enable-features=CDPScreenshotNewSurface --allow-pre-commit-input --disable-hang-monitor --disable-ipc-flooding-protection --disable-popup-blocking --disable-prompt-on-repost --disable-renderer-backgrounding --disable-updater-scheduler --force-color-profile=srgb --metrics-recording-only --no-first-run --password-store=basic --use-mock-keychain --no-service-autorun --export-tagged-pdf --disable-search-engine-choice-screen --unsafely-disable-devtools-self-xss-warnings --edge-skip-compat-layer-relaunch --disable-infobars --disable-search-engine-choice-screen --disable-sync --enable-unsafe-swiftshader --headless --hide-scrollbars --mute-audio --blink-settings=primaryHoverType=2,availableHoverTypes=2,primaryPointerType=4,availablePointerTypes=4 --no-sandbox --no-sandbox --user-data-dir=/tmp/playwright_chromiumdev_profile-sJw33h --remote-debugging-pipe --no-startup-window',
    '  - <launched> pid=14',
    '  - [pid=14][err] [0914/173053.482789:FATAL:content/browser/sandbox_host_linux.cc:41] Check failed: . shutdown: Operation not permitted (1)',
    '  - [pid=14] <gracefully close start>',
    '  - [pid=14] <kill>',
    '  - [pid=14] <will force kill>',
    '  - [pid=14] exception while trying to kill process: Error: kill ESRCH',
    '  - [pid=14] <process did exit: exitCode=null, signal=SIGTRAP>',
    '  - [pid=14] starting temporary directories cleanup',
    '  - [pid=14] finished temporary directories cleanup',
    '  - [pid=14] <gracefully close end>'
  ]
}
